!_TAG_FILE_SORTED	1	/0=unsorted, 1=sorted, 2=foldcase/
!_TAG_FILE_ENCODING	utf-8	//
visibility	test/visibility.d	1;"	M
x	test/visibility.d	1;"	v	file:
y	test/visibility.d	2;"	v
